[K Map   Count   Cycles   Meanrot   Totalrot      RMSD
[K----------------------------------------------------
[K   1      10      1.8      62.3     111.9     0.0965
[K   2      13      1.8      69.6     119.2     0.0965
[K   3       1      1.0      75.3      75.3     2.6678
[K   4       2      1.5      63.6      78.9     2.6678
[K   5       1      2.0      48.1      70.4     2.6879
[K   6       2      1.5      32.6      40.5     2.6879
[K----------------------------------------------------
[KFound 6 mapping(s) in 29 random trial(s)
