[K Map    Count    Steps     Total      Real       RMSD
[K-----------------------------------------------------
[K   1       10      1.9     117.7      84.3     0.0972
[K-----------------------------------------------------
[KFound 1 mapping(s) in 10 random trial(s)
