[K Map   Count   Cycles   Meanrot   Totalrot      RMSD
[K----------------------------------------------------
[K   1      10      4.0      33.8      78.1     0.0966
[K   2       9      4.2      31.0      77.7     0.0966
[K   3       7      2.3      32.5      35.8     1.6021
[K   4       2      3.0      26.7      46.4     1.6021
[K----------------------------------------------------
[KFound 4 mapping(s) in 28 random trial(s)
