[K Map   Count   Cycles   Meanrot   Totalrot      RMSD
[K----------------------------------------------------
[K   1      10      5.9      19.2      62.4     0.1016
[K   2       1      6.0      12.8      39.4     1.3239
[K   3       1      4.0      15.3      13.7     1.3246
[K   4       1      2.0       3.3       6.0     1.3275
[K   5       1      7.0      13.2      77.8     1.3277
[K   6       1      3.0      17.1      19.3     1.3280
[K   7       2      8.0       8.4      35.3     1.3342
[K   8       1      5.0      12.0      33.5     1.3487
[K   9       1      6.0       7.1      31.0     1.5382
[K  10       1      6.0       8.0      27.9     1.5668
[K----------------------------------------------------
[KFound more than 10 mapping(s) in 31 random trial(s)
