[K Map    Count    Steps     Total      Real       RMSD
[K-----------------------------------------------------
[K   1       10      1.2      68.3      68.1     0.0861
[K   2       17      1.1      69.1      69.0     0.0861
[K   3       10      1.1      66.1      61.2     0.0861
[K   4       12      1.0      61.3      61.3     0.0861
[K   5       16      1.1      62.3      58.5     0.0861
[K   6        9      1.1      66.7      58.1     0.0861
[K   7       22      1.0      69.2      69.2     0.0861
[K   8       14      1.0      62.7      62.7     0.0861
[K   9       14      1.0      68.5      68.5     0.0861
[K  10       12      1.0      57.0      57.0     0.0861
[K-----------------------------------------------------
[KFound 10 mapping(s) in 136 random trial(s)
