[K Map   Count   Cycles   Meanrot   Totalrot      RMSD
[K----------------------------------------------------
[K   1      10      6.8      11.9      51.5     0.1011
[K   2       2      9.0       9.1      64.2     0.6460
[K   3       6      7.7       6.5      31.8     0.6462
[K   4       1     13.0       7.5      73.0     0.6482
[K   5       1      3.0      10.5      10.4     0.8984
[K   6       2     11.0       6.8      50.8     0.9278
[K   7       1      5.0       8.4      19.5     0.9523
[K   8       1      7.0       5.6      24.2     0.9556
[K   9       1      3.0       8.6       9.7     0.9863
[K  10       1      3.0       4.6       4.9     0.9969
[K----------------------------------------------------
[KFound more than 10 mapping(s) in 58 random trial(s)
