 Map    Count    Steps     Angle       RMSD
-------------------------------------------
   1       10      1.6     110.7     0.0616
-------------------------------------------
Random trials = 10
Minimization steps = 16
Visited local minima = 1
10
Map=1 RMSD=0.0616
Ar      4.030574     -4.064186     -4.497336
Ar     -2.176251     -1.115128      4.869345
Ar      4.234857     -3.571929      2.639524
Ar      2.757079      9.780448     -4.976402
Ar      0.824213      1.301147     -1.112101
Ar     -2.572814     -2.057460     -6.684324
Ar      1.759014      5.573726     -3.081154
Ar     -6.215803     -0.133621     -0.945319
Ar      3.717268      2.693297      5.680295
Ar     -1.731644     -5.576960     -0.696552
