 Map    Count    Steps     Total      Real       RMSD
-----------------------------------------------------
   1       10      1.0     114.6     114.6     0.0981
-----------------------------------------------------
Random trials = 10
Minimization steps = 10
Visited local minima = 1
44
Reference
Li     -0.883015     -0.644837      1.726186
Li      1.292974     -4.341450      1.634678
Li      1.457074      1.022089      1.329422
Li     -1.233316     -1.445582     -0.953813
Li      0.778343     -0.838962     -1.737707
Li     -1.969715      0.188081      0.395117
Li      1.275648      1.168284     -0.888464
Li     -0.425213      1.806441      0.427089
Li     -0.827378      0.686244     -1.457573
Li      0.708397     -1.587827     -0.909178
Li     -0.304326     -1.892475     -0.511550
Li      1.851294      0.197823      0.673981
Li     -1.176146     -1.569733      0.157740
Li      1.500082     -0.758411     -0.880270
Li      0.459305      0.719093      1.750328
Li     -1.544698     -0.747350      0.835401
Li     -1.283739      0.290874      1.274177
Li      1.749567      0.253019     -0.443879
Li     -0.496310      1.098793      1.293481
Li      0.603612     -0.725927      1.092500
Li     -0.228965     -1.148221     -1.353321
Li      1.371171      1.099858      0.218908
Li      0.515719      1.419483      0.880434
Li      1.034409      0.165462     -1.317563
Li     -1.610373     -0.630503     -0.281256
Li     -1.202151      1.002713      0.414599
Li     -1.032678     -0.380246     -1.208545
Li     -2.386514     -7.651367     -1.602127
Li     -0.628099      1.250671     -0.517105
Li      0.224993      0.930232     -1.176865
Li     -1.402097      0.438371     -0.531058
Li      0.426119      1.493726     -0.232633
Li      0.397477     -1.307744      0.114637
Li     -0.462262     -0.992478      0.768946
Li      1.172686     -0.490030      0.139387
Li     -0.208103      4.025455      1.199670
Li      0.131344     -0.281151      0.242878
Li      0.778245      0.358966      0.770621
Li     -0.538452     -0.847364     -0.345537
Li      0.445911     -0.550600     -0.729086
Li     -0.897941     -4.953883      0.318471
Li      0.690099      0.432824     -0.315600
Li     -0.144429      0.746120      0.329394
Li     -0.341199      0.199486     -0.594917
44
RMSD 0.0981
Li     -0.902053     -0.614935      1.660588
Li      1.324473     -4.355099      1.526130
Li      1.427338      0.936340      1.311204
Li     -1.312377     -1.426479     -1.016086
Li      0.702198     -0.758472     -1.701680
Li     -2.022547      0.149044      0.338761
Li      1.337365      1.248244     -0.907265
Li     -0.387237      1.805248      0.438442
Li     -0.887992      0.638811     -1.427248
Li      0.735366     -1.469665     -0.957793
Li     -0.236131     -1.940318     -0.436975
Li      1.815955      0.314837      0.711666
Li     -1.227979     -1.545853      0.229321
Li      1.577422     -0.808022     -0.981212
Li      0.444037      0.814697      1.767886
Li     -1.542624     -0.685581      0.768483
Li     -1.309050      0.229326      1.327023
Li      1.751533      0.286184     -0.333914
Li     -0.594708      1.072766      1.302594
Li      0.537115     -0.757174      1.037672
Li     -0.262972     -1.296634     -1.329211
Li      1.341417      1.084256      0.167959
Li      0.453939      1.340805      0.854513
Li      1.011450      0.065929     -1.265911
Li     -1.540724     -0.637562     -0.259247
Li     -1.114341      0.983631      0.334811
Li     -1.017481     -0.332644     -1.163653
Li     -2.376076     -7.612355     -1.500719
Li     -0.597916      1.283403     -0.521965
Li      0.270396      0.933151     -1.127687
Li     -1.377142      0.400840     -0.489464
Li      0.436314      1.535859     -0.191470
Li      0.435139     -1.293755      0.185173
Li     -0.442195     -0.950400      0.688399
Li      1.095333     -0.552605      0.120537
Li     -0.151590      4.018717      1.219853
Li      0.157495     -0.314571      0.273915
Li      0.849681      0.351749      0.701686
Li     -0.450374     -0.853873     -0.338149
Li      0.476522     -0.415967     -0.743299
Li     -0.962370     -5.040723      0.321005
Li      0.597203      0.457381     -0.304216
Li     -0.188067      0.659118      0.311234
Li     -0.236396      0.260321     -0.601696
Optimized RMSD = 0.0981
