[K Map    Count    Steps     Total      Real       RMSD
[K-----------------------------------------------------
[K   1       10      1.7      96.4      85.4     0.0463
[K   2       12      1.5      91.3      81.1     0.0463
[K   3        7      1.1      69.5      66.5     4.2577
[K   4        7      1.0      65.4      65.4     4.2577
[K-----------------------------------------------------
[KFound 4 mapping(s) in 36 random trial(s)
