[K Map   Count   Cycles   Meanrot   Totalrot      RMSD
[K----------------------------------------------------
[K   1      10      6.3      17.4      58.9     0.0482
[K   2       1      7.0      12.4      53.3     1.1014
[K   3       1      9.0       9.5      37.1     1.1015
[K   4       1      6.0      11.1      36.3     1.1032
[K   5       1      3.0      13.5      12.1     1.1087
[K   6       1      9.0       9.8      67.3     1.1281
[K   7       1      6.0      13.1      51.7     1.1310
[K   8       1      4.0      13.1      17.9     1.1328
[K   9       1      3.0      11.9       5.7     1.1345
[K  10       1      7.0      10.1      51.1     1.1362
[K----------------------------------------------------
[KFound more than 10 mapping(s) in 31 random trial(s)
