[K Map   Count   Cycles   Meanrot   Totalrot      RMSD
[K----------------------------------------------------
[K   1      10      7.2      14.5      54.4     0.0489
[K   2       9      5.8      16.1      53.0     0.0489
[K   3       8      5.3      17.7      36.2     0.0489
[K   4       8      5.1      16.7      46.8     0.0489
[K   5      10      5.8      14.9      43.6     0.0489
[K   6       1      3.0       4.2       3.2     1.9973
[K   7       1      5.0       4.4       6.8     2.0145
[K   8       1      4.0       3.9       3.2     2.0253
[K   9       1      3.0       4.1       2.5     2.0373
[K  10       1      2.0       2.5       2.9     2.0549
[K----------------------------------------------------
[KFound 10 mapping(s) in 50 random trial(s)
