[K Map   Count   Cycles   Meanrot   Totalrot      RMSD
[K----------------------------------------------------
[K   1      10      9.4      10.3      55.8     0.0497
[K   2       2      7.5       8.7      36.9     0.5524
[K   3       1      4.0       6.9      19.4     0.5535
[K   4       1     11.0       9.7      89.8     0.5942
[K   5       1      6.0      11.4      43.5     0.5944
[K   6       2      4.0       6.8      10.5     0.5944
[K   7       1      7.0       9.7      32.9     0.6779
[K   8       3      8.3       9.6      44.3     0.6779
[K   9       3      7.7       5.7      18.1     0.6790
[K  10       1      7.0       6.3       6.4     0.7286
[K----------------------------------------------------
[KFound more than 10 mapping(s) in 58 random trial(s)
