[K Map   Count   Cycles   Meanrot   Totalrot      RMSD
[K----------------------------------------------------
[K   1      10      5.6      18.4      48.3     0.0482
[K   2       3      5.7      16.6      28.3     0.0482
[K   3       8      8.2      16.1      77.5     0.0482
[K   4       1      3.0      14.4       6.3     0.7978
[K   5       1      3.0       4.4       6.3     2.3441
[K   6       1      3.0       2.9       3.8     2.3539
[K   7       1      6.0       5.4      17.8     2.3588
[K----------------------------------------------------
[KFound 7 mapping(s) in 25 random trial(s)
