[K Map   Count   Cycles   Meanrot   Totalrot      RMSD
[K----------------------------------------------------
[K   1      10      1.0     121.5     121.5     0.0465
[K   2       6      1.0     116.2     116.2     2.8046
[K----------------------------------------------------
[KFound 2 mapping(s) in 16 random trial(s)
