  #   Count    Steps     Rot-Î¸        RMSD
------------------------------------------
  1      10      1.0      95.6      0.0443
  2       9      1.0     115.2      2.8432
------------------------------------------
Random trials = 19
Minimization steps = 19
Visited local minima = 2
10
RMSD=0.0443
Cl     -0.021190      0.028501      0.972746
Cl      0.005042     -0.021934     -1.007003
Ar      2.027119      3.049622     -0.126476
Ar     -0.527281      0.027160      4.380090
Ar      1.347046     -3.340907     -0.088679
Ar     -0.589011      3.388718      2.641898
Ar      2.371283     -2.129692      3.245272
Ar     -1.219259     -3.186525      2.633550
Ar      2.674137      1.559250      3.169244
Ar      3.619844     -0.331000      0.110913
10
RMSD=2.8432
Cl      1.960142     -0.231413      2.208884
Cl      3.713680     -0.366797      1.298164
Ar      2.497735      2.957992      0.236503
Ar     -0.844293      0.110470      4.179767
Ar      1.825287     -3.432784      0.143922
Ar      1.223417      3.175988      3.750600
Ar     -1.307320     -1.673367      0.913875
Ar      0.520851     -3.391916      3.738333
Ar     -1.007903      2.016637      0.911549
Ar      1.106134     -0.121618     -1.450043
