  #   Count    Steps     Rot-Î¸        RMSD
------------------------------------------
  1      10      1.0      91.1      0.0496
  2       3      1.0     106.5      1.5220
------------------------------------------
Random trials = 13
Minimization steps = 13
Visited local minima = 2
33
RMSD=0.0496
Li      0.680010      1.541208      0.753368
Li     -1.704579      0.770959      0.297437
Li      1.556916     -0.057156     -1.067561
Li     -0.383295      0.758211     -1.477644
Li     -1.575621     -0.075518      0.974126
Li      1.713678     -0.832312     -0.335024
Li     -0.437475     -1.667618      0.040433
Li      0.122898      1.411682     -0.700987
Li      0.532672     -0.173269      1.556046
Li     -1.783670     -0.278561     -0.051793
Li      0.936888     -0.985754     -1.116418
Li     -0.090243     -1.396195     -0.997483
Li     -1.139603     -1.077237     -0.517388
Li      1.688099      0.254624      0.005892
Li     -0.975784      0.915331      1.120034
Li      0.069405      0.781292      1.302521
Li      1.154667      0.565609      0.952251
Li      0.704890      0.641133     -1.149332
Li     -0.965008      0.998286     -0.511332
Li     -0.968486     -0.870784      0.529109
Li      0.599774     -1.261790     -0.091603
Li      1.121978     -0.544142      0.580473
Li     -0.517743     -0.098030      1.290362
Li      0.088379     -0.932317      0.788547
Li      0.041793     -0.350412     -1.215957
Li     -0.973732     -0.059062     -0.898426
Li      0.853493      0.899426     -0.080574
Li     -0.201526      1.159268      0.347673
Li     -0.057906      0.463936     -0.436922
Li      0.737724     -0.233690     -0.418410
Li     -0.797181      0.224958      0.243310
Li     -0.213864     -0.593521     -0.250854
Li      0.182455      0.101438      0.536124
33
RMSD=1.5220
Li      0.750156      1.351204      1.008371
Li     -1.534155      0.161731      1.089565
Li      1.767050     -0.657951     -0.181856
Li      0.147702     -1.159635      1.240429
Li     -1.825042      0.621050      0.158726
Li      1.430714     -0.274509     -1.146694
Li     -0.685572     -0.638688     -1.447770
Li      0.492490     -0.110291      1.498207
Li      0.131716      1.450096     -0.784165
Li     -1.681820     -0.481749      0.187765
Li      1.052915     -1.216693     -0.820235
Li     -0.058506     -1.351723     -0.946703
Li     -1.168274     -1.130952     -0.555479
Li      1.667824      0.443469     -0.257220
Li     -1.018752      1.117235      0.792765
Li     -0.090943      1.563546      0.327114
Li      0.930890      1.199151     -0.085291
Li      1.074122     -0.745400      0.692761
Li     -0.552047     -0.264487      1.361681
Li     -1.214050      0.005968     -0.697339
Li      0.355073     -0.416422     -1.294875
Li      0.804377      0.615211     -0.957704
Li     -0.882484      1.002628     -0.328376
Li     -0.316244      0.421086     -1.105218
Li      0.291537     -1.290341      0.094011
Li     -0.714638     -0.963004      0.406204
Li      0.974977      0.408711      0.622710
Li     -0.082856      0.685675      1.032906
Li      0.149694     -0.251393      0.569108
Li      0.785259     -0.262281     -0.244706
Li     -0.817443      0.092700      0.311622
Li     -0.306976     -0.461169     -0.392457
Li      0.143310      0.537223     -0.147858
