Map   Count    Steps     Rot.        RMSD
-----------------------------------------
  1      10      1.8     110.8     0.0494
-----------------------------------------
Random trials = 10
Minimization steps = 18
Visited local minima = 1
66
Map=1 RMSD=0.0494
Li     -0.350069      1.212058     -2.067741
Li     -1.336612     -1.990101     -0.622313
Li     -1.470468     -1.191429     -1.369623
Li      1.948578      0.144612      1.492525
Li      2.235943     -0.286489     -0.728522
Li      1.323386     -1.851386      0.614748
Li      1.573039      1.759638     -0.058180
Li      0.012642     -0.808466      2.100234
Li      0.212063      1.465557      1.728581
Li      0.530342     -1.509209     -1.420774
Li     -1.066307      1.722231     -1.319359
Li     -1.984334     -1.386211      0.082135
Li     -2.207396      0.733384      0.206923
Li     -2.291281     -0.370646      0.464869
Li     -1.381212      0.798970     -1.799153
Li     -1.765145      1.484265     -0.506448
Li      0.607130      0.750484     -1.850919
Li     -2.147667     -0.628170     -0.629653
Li     -2.040246      0.559165     -0.849877
Li     -0.949638     -1.733118      0.356221
Li     -0.684389      1.809777     -0.309275
Li     -1.626945      0.234160      0.952400
Li      1.708404     -0.864555      1.085050
Li      2.144799     -0.132360      0.393998
Li      1.759643      0.912307      0.712213
Li      1.078574      0.789960      1.650453
Li      1.796089     -1.120362     -0.047380
Li      1.065721     -0.320031      1.862347
Li      1.945403      0.707304     -0.355251
Li      1.359671     -0.940168     -1.083447
Li      0.125547      0.376612      1.992673
Li      0.703985     -1.359435      1.379044
Li      0.902928      1.621458      0.811634
Li      1.465654      0.184713     -1.285243
Li      0.943471     -1.641786     -0.403961
Li      1.103407      1.249507     -0.976143
Li      0.206966     -1.777426      0.452603
Li     -0.489344     -1.252928      1.199071
Li     -0.265413      1.600685      0.728882
Li      0.483377      1.759814     -0.171815
Li     -0.811281     -0.269943      1.620606
Li     -0.772231      0.882094      1.317545
Li      0.510079     -0.333549     -1.607701
Li     -0.214649     -1.665618     -0.478740
Li     -0.445691     -0.810148     -1.335177
Li     -1.239565     -0.197943     -1.207492
Li     -0.046628      1.244366     -1.026986
Li     -0.375493      0.271618     -1.498063
Li     -1.295579     -0.703603      0.659455
Li     -1.193842      0.996379      0.369402
Li      0.329904     -0.021818      0.159685
Li     -1.093238     -0.961830     -0.381074
Li     -0.959476      0.773519     -0.739500
Li     -1.440911      0.086739     -0.072411
Li      1.131625      0.066395      0.810754
Li      1.265384     -0.116723     -0.305399
Li      0.808077     -0.916870      0.351890
Li      0.870513      0.864256      0.098848
Li      0.150574     -0.355696      1.083887
Li      0.258763      0.729786      0.957685
Li      0.372855     -0.710994     -0.633702
Li      0.497888      0.403062     -0.799541
Li     -0.304300     -0.876171      0.243963
Li     -0.149835      0.876512     -0.027823
Li     -0.615294      0.138807      0.553758
Li     -0.417941     -0.105011     -0.525403
