 Map    Count    Steps     Total      Real       RMSD
-----------------------------------------------------
   1       10      1.7     118.4     118.1     0.0512
-----------------------------------------------------
Random trials = 10
Minimization steps = 17
Visited local minima = 1
22
Reference
Zn      0.612466      4.010199      2.224770
Zn      2.446731     -0.912869      0.942598
Zn      1.086837     -1.912922     -1.716926
Zn      0.013476      0.028304     -0.032598
Zn     -1.715230     -2.135541     -0.465410
Zn      1.215161      0.308048     -4.051502
Zn     -1.382208     -0.837830     -3.102622
Zn     -1.302248      1.770524      1.751438
Zn     -2.472853      0.887853     -0.905917
Zn     -0.325008     -0.883816      1.688632
Zn      1.908235      2.036976      0.405972
Zn      1.714932      2.885823     -2.573510
Zn     -1.100319      2.168079     -3.426471
Zn     -3.184672     -0.578384      1.671575
Zn      1.288651      0.990492      3.107060
Zn     -1.694986     -3.069360      2.768325
Zn      0.726066     -3.414911      0.869077
Zn      1.208451     -2.099034      3.683535
Zn     -1.356526     -0.267547      4.214593
Zn      0.318270      0.830280     -1.599585
Zn      3.094330      0.309574     -1.709326
Zn     -0.596774      3.299239     -0.647728
22
RMSD 0.0512
Zn      0.629740      3.956061      2.208844
Zn      2.467674     -0.908503      1.004969
Zn      1.106615     -1.934491     -1.714445
Zn     -0.013012      0.054138     -0.010058
Zn     -1.677406     -2.168108     -0.510480
Zn      1.173193      0.295758     -4.089082
Zn     -1.390942     -0.807414     -3.098358
Zn     -1.335233      1.736654      1.767888
Zn     -2.453970      0.891129     -0.854781
Zn     -0.276550     -0.868534      1.682106
Zn      1.893069      1.998073      0.427463
Zn      1.733892      2.897729     -2.629940
Zn     -1.115513      2.153472     -3.472760
Zn     -3.143262     -0.578715      1.692428
Zn      1.321683      0.978124      3.133706
Zn     -1.691625     -3.043154      2.778107
Zn      0.704722     -3.396467      0.881090
Zn      1.152093     -2.076227      3.697065
Zn     -1.399098     -0.315450      4.213525
Zn      0.321435      0.856403     -1.644846
Zn      3.068330      0.351291     -1.704402
Zn     -0.573052      3.341408     -0.662059
Optimized RMSD = 0.0512
