[K Map    Count    Steps     Total      Real       RMSD
[K-----------------------------------------------------
[K   1       10      1.6     101.5     101.1     0.0917
[K   2        7      1.3      87.4      87.2     0.1183
[K-----------------------------------------------------
[KFound 2 mapping(s) in 17 random trial(s)
