[K Map   Count   Cycles   Meanrot   Totalrot      RMSD
[K----------------------------------------------------
[K   1      10      4.0      29.7      47.0     0.7771
[K   2       6      3.5      28.9      31.6     0.7852
[K   3       5      4.2      28.3      35.6     0.8033
[K   4       5      2.6      34.5      25.3     0.8097
[K   5       2      3.5      23.0      23.0     1.2664
[K   6       4      2.8      12.8      18.7     1.2814
[K   7       4      3.8      25.9      45.3     1.2860
[K   8       1      4.0      12.4      19.0     1.3083
[K   9       3      4.3      21.9      52.1     1.3092
[K  10       1      2.0      11.4      13.2     1.3910
[K----------------------------------------------------
[KFound more than 10 mapping(s) in 44 random trial(s)
