[K Map    Count    Steps     Total      Real       RMSD
[K-----------------------------------------------------
[K   1       10      1.7      57.7      38.7     0.1797
[K   2       13      1.2      46.3      39.5     0.1797
[K   3        8      1.2      46.9      36.0     0.1797
[K   4        5      1.4      40.8      24.4     0.5005
[K   5        7      1.1      44.2      38.3     0.5005
[K   6        5      1.2      33.8      28.2     0.5005
[K   7        1      1.0      38.4      38.4     0.5231
[K   8        5      1.0      24.3      24.3     0.5231
[K   9        3      2.3      73.4      33.6     0.5352
[K  10        2      1.0      33.4      33.4     0.5352
[K-----------------------------------------------------
[KFound more than 10 mapping(s) in 181 random trial(s)
