[K Map   Count   Cycles   Meanrot   Totalrot      RMSD
[K----------------------------------------------------
[K   1      10     10.2      10.0      71.7     0.3973
[K   2       8      9.2      12.5      81.2     0.3973
[K   3      13      8.9      11.6      63.9     0.3973
[K   4       1     10.0       7.3      34.4     0.8567
[K   5       1     14.0       9.5     100.5     0.8567
[K   6       2     12.5       9.9      91.8     0.8567
[K   7       1     20.0       7.9     116.5     0.8647
[K   8       1      2.0       3.0       4.2     2.0131
[K   9       1      2.0       3.0       3.9     2.0133
[K----------------------------------------------------
[KFound 9 mapping(s) in 38 random trial(s)
