[K Map   Count   Cycles   Meanrot   Totalrot      RMSD
[K----------------------------------------------------
[K   1      10      5.9      13.8      50.8     0.9258
[K   2       8      9.4      12.1      64.5     0.9612
[K   3       7      6.6      12.0      40.9     1.0972
[K   4       1      5.0      15.1      32.6     1.1016
[K   5       1      6.0       6.2      11.0     1.2786
[K   6       1     10.0      10.9      55.4     1.2829
[K   7       2      7.0      12.3      40.4     1.3533
[K   8       1      3.0      15.8       9.4     1.3535
[K   9       1     10.0      10.6      80.1     1.3568
[K  10       1      1.0      11.4      11.4     1.3872
[K----------------------------------------------------
[KFound more than 10 mapping(s) in 78 random trial(s)
