[K Map    Count    Steps     Total      Real       RMSD
[K-----------------------------------------------------
[K   1       10      1.7      78.0      59.5     0.1959
[K   2        7      1.4      95.7      80.3     0.1959
[K   3        7      1.9     130.9     104.3     0.1959
[K-----------------------------------------------------
[KFound 3 mapping(s) in 24 random trial(s)
