 Map    Count    Steps     Total      Real       RMSD
-----------------------------------------------------
   1       10      1.0     110.8     110.8     0.0504
-----------------------------------------------------
Random trials = 10
Optimization steps = 10
Local minima = 1
