 Map    Count    Steps     Total      Real       RMSD
-----------------------------------------------------
   1       10      1.0     121.5     121.5     0.0465
   2        6      1.0     116.2     116.2     2.8046
-----------------------------------------------------
Random trials = 16
Optimization steps = 16
Local minima = 2
