 Map    Count    Steps     Total      Real       RMSD
-----------------------------------------------------
   1       10      3.2     123.0     104.9     0.0490
   2       18      2.9     131.3     114.4     0.0490
-----------------------------------------------------
Random trials = 28
Optimization steps = 85
Local minima = 2
