 Map    Count    Steps     Total      Real       RMSD
-----------------------------------------------------
   1       10      1.8     115.7     111.9     0.0965
   2       13      1.8     123.6     119.2     0.0965
   3        1      1.0      75.3      75.3     2.6678
   4        2      1.5      92.8      78.9     2.6678
   5        1      2.0      96.3      70.4     2.6879
   6        2      1.5      52.8      40.5     2.6879
-----------------------------------------------------
Random trials = 29
Optimization steps = 50
Local minima = 6
