 Map    Count    Steps     Total      Real       RMSD
-----------------------------------------------------
   1       10      6.7     109.3      71.0     0.0966
   2        2      8.5     102.3      69.1     0.9674
   3        1      4.0      64.4      19.0     1.1287
   4        1     12.0     111.4      80.4     1.2274
   5        1      6.0      53.0      12.6     1.3186
   6        1      7.0      87.0      54.1     1.3500
   7        1      4.0      31.8       9.2     1.4605
   8        1      2.0      14.4       6.1     1.4702
-----------------------------------------------------
Found 8 mapping(s) in 18 random trial(s)
