 Map    Count    Steps     Total      Real       RMSD
-----------------------------------------------------
   1       10      1.2      66.8      60.6     0.0754
   2       16      1.0      66.6      66.6     0.0754
   3       21      1.0      71.9      70.0     0.0754
   4       12      1.1      61.7      60.4     0.8175
   5       19      1.1      67.4      63.8     0.8175
   6       15      1.0      60.1      60.1     0.8175
-----------------------------------------------------
Random trials = 93
Optimization steps = 99
Local minima = 6
