 Map    Count    Steps     Total      Real       RMSD
-----------------------------------------------------
   1       10      1.0     114.6     114.6     0.0981
-----------------------------------------------------
Found 1 mapping(s) in 10 random trial(s)
