 Map    Count    Steps     Total      Real       RMSD
-----------------------------------------------------
   1       10      1.0     115.1     115.1     0.1050
   2        2      1.0      79.1      79.1     2.8023
-----------------------------------------------------
Random trials = 12
Optimization steps = 12
Local minima = 2
