 Map    Count    Steps     Total      Real       RMSD
-----------------------------------------------------
   1       10      4.5      54.6      33.7     0.2017
   2        2      4.5      50.5      29.5     0.4754
   3        1      2.0      21.7       7.9     0.4839
   4        3      3.0      32.7      10.6     0.4928
   5        3      3.0      39.6      24.2     0.4934
   6        3      3.3      31.4      18.9     0.5029
   7        3      3.7      40.3      19.2     0.5183
   8        2      2.5      27.9      16.1     0.5292
   9        1      3.0      33.9       6.3     0.5309
  10        2      4.5      43.9      25.0     0.5350
-----------------------------------------------------
Found more than 10 mapping(s) in 231 random trial(s)
