 Map    Count    Steps     Total      Real       RMSD
-----------------------------------------------------
   1       10      1.0      98.9      98.9     0.1637
   2        4      1.0     140.4     140.4     2.8455
-----------------------------------------------------
Random trials = 14
Optimization steps = 14
Local minima = 2
