 Map    Count    Steps     Total      Real       RMSD
-----------------------------------------------------
   1       10      1.8     126.9     122.6     0.2010
   2        6      2.3     134.7     105.5     0.9995
   3        7      1.9     128.6     105.5     1.0720
   4        3      2.0     164.4     121.1     2.3093
-----------------------------------------------------
Random trials = 26
Optimization steps = 51
Local minima = 4
