 Map    Count    Steps     Total      Real       RMSD
-----------------------------------------------------
   1       10      1.7     104.3      70.0     0.1829
   2        7      1.6      89.2      75.0     0.2133
-----------------------------------------------------
Found 2 mapping(s) in 17 random trial(s)
