 Map    Count    Steps     Total      Real       RMSD
-----------------------------------------------------
   1       10      1.6     132.3     114.4     0.1713
   2        5      1.2      70.9      70.5     0.1713
-----------------------------------------------------
Found 2 mapping(s) in 15 random trial(s)
