[K Map    Count    Steps     Total      Real       RMSD
[K-----------------------------------------------------
[K   1       10      1.0      54.1      54.1     0.0462
[K   2       17      1.0      54.6      54.6     0.0462
[K   3       12      1.0      63.8      63.8     0.0462
[K   4       23      1.0      56.1      56.1     0.0462
[K   5       20      1.1      63.8      63.8     0.0462
[K   6       14      1.0      54.4      54.4     3.4559
[K   7        8      1.0      59.2      59.2     3.4559
[K   8       15      1.0      64.5      64.5     3.4559
[K   9       14      1.0      58.0      58.0     3.4559
[K  10       15      1.0      66.9      66.9     3.4559
[K-----------------------------------------------------
[KFound 10 mapping(s) in 148 random trial(s)
