[K Map    Count    Steps     Total      Real       RMSD
[K-----------------------------------------------------
[K   1       10      1.1     106.1     106.0     0.0443
[K   2       17      1.0     118.2     118.2     2.8432
[K-----------------------------------------------------
[KFound 2 mapping(s) in 27 random trial(s)
