[K Map    Count    Steps     Total      Real       RMSD
[K-----------------------------------------------------
[K   1       10      1.7     119.9     117.3     0.0500
[K-----------------------------------------------------
[KFound 1 mapping(s) in 10 random trial(s)
