[K Map    Count    Steps     Total      Real       RMSD
[K-----------------------------------------------------
[K   1       10      1.6     114.3     114.2     0.0480
[K-----------------------------------------------------
[KFound 1 mapping(s) in 10 random trial(s)
