[K Map    Count    Steps     Total      Real       RMSD
[K-----------------------------------------------------
[K   1       10      1.7     108.5     104.5     0.0503
[K   2        3      1.7      70.6      64.3     2.2524
[K   3        2      1.5      47.1      41.3     2.3102
[K   4        1      1.0      47.6      47.6     2.3157
[K   5        2      2.0      80.2      50.2     2.3928
[K-----------------------------------------------------
[KFound 5 mapping(s) in 18 random trial(s)
