 Map    Count    Steps     Total      Real       RMSD
-----------------------------------------------------
   1       10      1.0     110.8     110.8     0.0504
-----------------------------------------------------
Random trials = 10
Minimization steps = 10
Visited local minima = 1
Optimized RMSD = 0.0504
37
Reference
Ar     -0.702469      0.706027      1.470303
Ar      0.285086      0.858944     -1.948536
Ar      1.506305     -0.369553      0.550064
Ar     -0.444030      0.102148     -2.337695
Ar      1.024492     -1.374542      0.664082
Ar     -2.069093     -0.193839     -0.827228
Ar     -1.169403     -1.095257      1.013168
Ar      0.133874      1.284644      0.192316
Ar     -0.417785     -1.693038     -1.009356
Ar     -0.829120      0.978469     -1.750939
Ar     -1.643156      0.831505     -0.985050
Ar      0.661479     -0.520979      1.296025
Ar      0.525363     -0.251123     -1.892421
Ar      1.271909     -1.000530     -0.366812
Ar     -1.873418      0.452196      0.068358
Ar     -0.441320     -0.378146      1.469579
Ar     -1.420744     -0.003277      0.995625
Ar      0.504285      0.971933     -0.858329
Ar      0.973805      0.500178      0.093934
Ar      0.544976     -1.150509     -1.214200
Ar     -1.259748     -0.045387     -1.586220
Ar      0.306160     -1.537487     -0.174919
Ar     -0.429020     -0.798268     -1.676738
Ar     -0.072158     -1.238250      0.841322
Ar     -1.623908     -0.645614      0.094976
Ar     -1.245604     -0.944986     -0.919103
Ar     -0.609646      1.099270     -0.667634
Ar     -0.794630     -1.394292      0.002814
Ar      0.138756      0.347993      0.847058
Ar     -0.841231      0.721508      0.373036
Ar      0.743373     -0.132903     -0.811892
Ar     -0.038650      0.308234     -0.212084
Ar     -0.237820      0.204782     -1.252527
Ar      0.480573     -0.517938      0.215498
Ar     -1.036433      0.059494     -0.513375
Ar     -0.595460     -0.378200      0.392015
Ar     -0.224814     -0.678777     -0.605143
37
RMSD 0.0504
Ar     -0.745636      0.702694      1.455789
Ar      0.322061      0.848935     -1.915289
Ar      1.531692     -0.386685      0.584984
Ar     -0.475820      0.078946     -2.299908
Ar      0.992307     -1.348680      0.678425
Ar     -2.017030     -0.200582     -0.814284
Ar     -1.202141     -1.106151      0.986046
Ar      0.153067      1.259821      0.181977
Ar     -0.444646     -1.652651     -1.028248
Ar     -0.860187      1.006702     -1.785061
Ar     -1.648111      0.793968     -0.975645
Ar      0.644212     -0.547238      1.260974
Ar      0.527846     -0.245858     -1.868885
Ar      1.293341     -0.980963     -0.376386
Ar     -1.848558      0.450560      0.100927
Ar     -0.395073     -0.359029      1.486116
Ar     -1.449931     -0.051753      0.981653
Ar      0.495287      0.991122     -0.831369
Ar      1.000666      0.482173      0.134674
Ar      0.564691     -1.154602     -1.203468
Ar     -1.308216     -0.021599     -1.643189
Ar      0.281149     -1.569973     -0.174740
Ar     -0.435627     -0.844112     -1.709119
Ar     -0.095407     -1.226074      0.834575
Ar     -1.605505     -0.594714      0.144932
Ar     -1.280069     -0.983148     -0.902527
Ar     -0.577700      1.076624     -0.619568
Ar     -0.750110     -1.392724      0.044055
Ar      0.115800      0.374850      0.812868
Ar     -0.809359      0.711877      0.350276
Ar      0.791630     -0.135449     -0.796364
Ar     -0.053453      0.359763     -0.238736
Ar     -0.272062      0.187594     -1.276671
Ar      0.522934     -0.476170      0.192246
Ar     -1.070360      0.060886     -0.542783
Ar     -0.555032     -0.394026      0.348764
Ar     -0.255874     -0.629904     -0.607070
