 Map    Count    Steps     Total      Real       RMSD
-----------------------------------------------------
   1       10      1.4     108.8      94.3     0.0533
   2        5      1.6     122.7      98.6     0.0533
   3       12      1.6     122.9     104.9     0.0533
-----------------------------------------------------
Random trials = 27
Optimization steps = 41
Visited local minima = 3
Optimized RMSD = 0.0533
