 Map    Count    Steps     Total      Real       RMSD
-----------------------------------------------------
   1       10      1.8     110.9     109.8     0.0494
-----------------------------------------------------
Found 1 mapping(s) in 10 random trial(s)
