Map   Count    Steps     Rotat.      RMSD   AdjΔ
------------------------------------------------
  1      10      2.3     124.6     1.3459      2
------------------------------------------------
Random trials = 10
Minimization steps = 23
Visited local minima = 1
Map   Count    Steps     Rotat.      RMSD   AdjΔ
------------------------------------------------
  1      10      2.8     130.7     1.3459      0
------------------------------------------------
Random trials = 10
Minimization steps = 28
Visited local minima = 1
37
Map=1 RMSD=1.3459
Fe     -0.079969     -0.289130     -0.030387
P       1.626329     -1.163644     -1.091876
P      -1.502703      0.588082     -1.562581
N       0.952002     -0.724242      1.574222
N      -1.345687      0.442310      1.251598
H       0.650017     -0.735199      3.676001
H      -1.703435      0.372167      3.348581
H      -0.541416     -1.713530      2.766559
C       0.066167     -0.774148      2.729706
H      -0.283458      1.350104      2.838938
C      -0.866387      0.428961      2.623272
H       1.302909     -2.852297      1.423997
H      -3.086942      1.537748      1.620095
C       1.839454     -1.871131      1.503686
C      -2.427848      1.111451      0.842898
H       3.352492     -2.588324      0.037756
C       2.762474     -1.691283      0.290736
H       3.448651     -0.845091      0.471169
H      -1.140717      1.583317     -2.533722
H      -2.112279     -0.292404     -2.510505
H       2.521360     -0.522005     -2.003586
H       1.456548     -2.356275     -1.851603
C      -0.919648     -1.775450     -0.133840
O      -1.496101     -2.791109     -0.202019
O       0.784025      1.654248      0.222681
C       1.275687      2.580072     -0.424098
C       1.661209      2.448290     -1.878669
C       1.515431      3.909654      0.253152
H       2.454978     -1.937803      2.428148
H       1.224575      1.535108     -2.304868
H       1.341801      3.334715     -2.453448
H       2.764068      2.394920     -1.949788
H       0.769879      4.637064     -0.120445
H       1.400407      3.803753      1.341558
H       2.513546      4.310736      0.003476
C      -2.744837      1.283245     -0.502441
H      -3.670816      1.761035     -0.831933
