 Map    Count    Steps     Angle   AdjD       RMSD
--------------------------------------------------
   1       10      2.3      94.5      4     1.1410
   2        9      2.3      88.9      4     1.1921
   3        8      1.9      51.6      4     1.3616
   4        6      1.7      63.6      4     1.4674
   5        1      2.0     109.6      4     1.7294
--------------------------------------------------
Random trials = 37
Minimization steps = 76
Visited local minima > 5
 Map    Count    Steps     Angle   AdjD       RMSD
--------------------------------------------------
   1       10      2.2      87.0      0     1.1410
   2        7      2.7     109.3      0     1.6916
   3        1      1.0      44.8      0     2.5086
--------------------------------------------------
Random trials = 18
Minimization steps = 42
Visited local minima = 3
19
Map=1 RMSD=1.1410
C      -1.222702     -1.904415     -0.132506
C      -1.834291     -1.393452      1.056357
C      -2.373787     -0.113048      0.713010
C      -2.230215      0.093968     -0.721334
C      -1.520927     -1.010037     -1.242411
Rh     -0.179995      0.020137      0.313305
P       0.360715      1.978970      1.187781
P       1.951059     -0.496833      0.021036
H      -0.710808     -2.865182     -0.221214
H      -1.848483     -1.866049      2.038332
H      -2.908062      0.554399      1.392744
H      -1.238149     -1.168670     -2.283909
H      -2.601012      0.952576     -1.282719
H       2.474987     -0.809015     -1.274885
H       2.537807     -1.632027      0.667895
H       2.967639      0.436012      0.384720
H       1.731917      2.359749      1.291279
H      -0.001291      2.320812      2.530710
H      -0.105152      3.207672      0.618021
19
Map=2 RMSD=1.6916
C      -2.112296     -0.259243      1.447141
C      -1.703869     -1.536831      1.006237
C      -1.659862     -1.506354     -0.449079
C      -2.134661     -0.235183     -0.904127
C      -2.322454      0.566805      0.266371
Rh     -0.163275     -0.005681      0.256916
P       0.851304      1.896792      0.752190
P       1.767054     -0.968067     -0.234759
H      -2.242769      0.060864      2.481720
H      -1.458036     -2.393927      1.634571
H      -1.411007     -2.357238     -1.087077
H      -2.675882      1.600207      0.278588
H      -2.282407      0.074572     -1.938558
H       2.034445     -1.473507     -1.547922
H       2.209490     -2.148978      0.444259
H       2.984440     -0.237042     -0.095207
H       2.272891      1.988998      0.671649
H       0.723794      2.498905      2.045469
H       0.572348      3.100475      0.027830
19
Map=3 RMSD=2.5086
C      -1.364027     -1.321031     -1.125122
C      -2.015224     -0.069909     -1.061279
C      -2.410585      0.149778      0.323004
C      -2.085251     -1.012812      1.091717
C      -1.353762     -1.880317      0.219435
Rh     -0.180597      0.018002      0.319208
P       0.435557      2.104360      0.721161
P       1.895343     -0.700829      0.579641
H      -0.937733     -1.787852     -2.014053
H      -2.188976      0.616064     -1.891401
H      -2.966299      1.016937      0.686583
H      -0.948992     -2.858334      0.488924
H      -2.311799     -1.184418      2.143882
H       2.941284      0.227418      0.862950
H       2.581142     -1.402882     -0.463514
H       2.234994     -1.641311      1.605066
H       0.212818      3.148196     -0.233909
H       1.807011      2.407088      0.972896
H      -0.095657      2.837421      1.831024
