 Map    Count    Steps     Angle   AdjD       RMSD
--------------------------------------------------
   1       10      2.2      82.6      1     0.4542
   2        1      2.0     168.0      1     1.4930
   3        7      3.1      82.4      1     1.5031
   4        1      2.0      62.3      1     1.6258
--------------------------------------------------
Random trials = 19
Minimization steps = 48
Visited local minima = 4
 Map    Count    Steps     Angle   AdjD       RMSD
--------------------------------------------------
   1       10      2.0      98.1      0     0.4542
   2        9      2.2      76.8      0     1.4930
   3        5      2.6      61.0      0     1.5031
   4        1      2.0      79.0      0     1.6258
--------------------------------------------------
Random trials = 25
Minimization steps = 55
Visited local minima = 4
15
Map=1 RMSD=0.4542
C      -2.114723     -0.539870      0.105347
Pt      0.219370     -0.151461      0.106087
N       2.256400     -0.018410     -0.191620
N      -0.129583      2.082524      0.175414
H       0.441479     -1.697824      0.073532
H       2.517219     -0.449612     -1.091256
H      -1.323383     -0.475551      0.967776
H      -2.557030     -1.524683      0.311576
H      -1.803196     -0.511145     -0.955057
H      -2.810720      0.283234      0.321713
H       0.279308      2.605952     -0.611087
H       0.237944      2.517538      1.033374
H      -1.131328      2.318882      0.159506
H       2.645471      0.934447     -0.189786
H       2.752182     -0.545772      0.541987
15
Map=2 RMSD=1.4930
C      -1.387382     -1.478718      0.064568
Pt     -0.413075      0.670108     -0.114655
N       1.640454     -0.205773      0.250200
N       0.197318      2.638213     -0.015617
H      -0.996451     -0.860907     -0.851740
H       2.275253     -0.082298     -0.551168
H      -1.837312      1.255461     -0.380249
H      -0.749761     -2.374321      0.072404
H      -2.412397     -1.699813     -0.264802
H      -1.433107     -1.030562      1.074220
H      -0.071917      3.131703     -0.879370
H       1.208205      2.785201      0.110151
H      -0.277487      3.123294      0.760633
H       2.132073      0.178111      1.069162
H       1.604997     -1.221450      0.413770
15
Map=3 RMSD=1.5031
C      -1.365828     -1.489767      0.185161
Pt     -0.433230      0.672042     -0.050828
N       1.654280     -0.197597      0.006594
N       0.176764      2.641044      0.031420
H      -1.103738     -0.839101     -0.754030
H       2.175485     -0.042637     -0.867901
H      -1.882623      1.253488     -0.103819
H      -0.729197     -2.379643      0.077697
H      -2.424801     -1.708807     -0.011356
H      -1.277740     -1.075149      1.206270
H       1.194768      2.792530      0.025691
H      -0.191779      3.096486      0.879981
H      -0.207801      3.160080     -0.771575
H       2.249584      0.163611      0.764813
H       1.645267     -1.218330      0.139388
15
Map=4 RMSD=1.6258
C      -1.380458     -1.479774      0.173302
Pt     -0.404121      0.647980     -0.170617
N       1.627972     -0.167615      0.397420
N       0.193600      2.621231     -0.240123
H      -1.812709      1.190354     -0.574770
H       2.306999     -0.121224     -0.375354
H      -0.939873     -0.955608     -0.778157
H      -0.741574     -2.364154      0.309040
H      -2.384367     -1.742554     -0.188823
H      -1.484985     -0.930988      1.127367
H      -0.027518      3.021243     -1.163805
H       1.195227      2.789318     -0.073377
H      -0.326130      3.179023      0.454180
H       2.070972      0.302490      1.198984
H       1.586373     -1.161472      0.662239
