 Map    Count    Steps     Angle   AdjD       RMSD
--------------------------------------------------
   1       10      2.7      92.8      2     0.9361
   2        3      3.3      60.1      2     2.3680
   3        2      2.5      52.5      8     2.5438
--------------------------------------------------
Random trials = 15
Minimization steps = 42
Visited local minima = 3
 Map    Count    Steps     Angle   AdjD       RMSD
--------------------------------------------------
   1       10      2.0     119.9      2     0.7610
--------------------------------------------------
Random trials = 10
Minimization steps = 20
Visited local minima = 1
51
Map=1 RMSD=0.7610
C      -2.943675     -0.039741     -1.556782
C      -2.247810      0.038241     -0.322137
C      -3.049822      0.063939      0.847452
C      -4.451301      0.015801      0.789438
C      -5.110307     -0.053852     -0.447853
C      -4.345586     -0.078432     -1.623882
Ir     -0.204365      0.140620     -0.318221
P       0.161073     -2.072866     -0.884123
C       1.925190     -2.181283     -0.716001
C       2.651542     -0.975380     -0.541278
N       1.960341      0.223683     -0.350656
C       2.629052      1.377052     -0.061765
C       4.016592      1.421447      0.069081
C       4.747473      0.230588     -0.152235
C       4.084118     -0.941905     -0.464681
C       1.802133      2.644875      0.043954
P       0.018566      2.286660      0.470373
H       4.635339     -1.871660     -0.634935
H       4.518070      2.363570      0.304985
H       5.840833      0.238595     -0.079769
H       2.266804      3.369158      0.735821
H       1.769464      3.128020     -0.952821
H       2.048767     -2.312434      1.255438
H       2.478409     -3.091068     -0.980410
H      -2.374625     -0.069551     -2.497820
H      -4.842634     -0.134204     -2.600220
H      -6.204321     -0.090424     -0.494885
H      -5.034786      0.035152      1.718368
H      -2.561079      0.123405      1.828594
H      -0.145253     -0.271776      1.188094
O       0.059834     -0.717552      3.008064
H      -0.687490     -1.336151      3.090705
H       0.842407     -1.304191      2.774255
O       2.153674     -2.213852      2.249357
H       2.942960     -1.645244      2.315889
C      -0.137425      2.512028      2.288744
H       0.308660      3.465782      2.620042
H      -1.212525      2.501642      2.536951
H       0.328537      1.651202      2.794417
C      -0.899700      3.728289     -0.222022
H      -1.968931      3.596732      0.014074
H      -0.542556      4.685703      0.196663
H      -0.787131      3.737944     -1.318801
C      -0.354892     -2.648034     -2.568326
H      -0.009671     -3.681422     -2.749041
H      -1.454580     -2.606206     -2.651196
H       0.092574     -1.981739     -3.323806
C      -0.640673     -3.329126      0.205637
H      -1.734967     -3.265371      0.080934
H      -0.293571     -4.349351     -0.033966
H      -0.385620     -3.092936      1.250334
